// Jest Snapshot v1, https://goo.gl/fbAQLP

exports[`testing a custom carousel  1`] = `
<div
  className=" d-flex flex-row justify-content-around border-bottom my-2 py-3"
>
  <div
    className=" align-center w-50"
  >
    <img
      alt=""
      className="category-image"
    />
  </div>
  <div
    className=" align-center flex-column "
  >
    <h3
      className="text-center font-weight-bold"
    />
    <h5
      className="text-center"
    />
    <button
      className="btn btn-primary "
      id="product-category"
      onClick={[Function]}
      role="button"
    >
      Explore 
    </button>
  </div>
</div>
`;
