// Jest Snapshot v1, https://goo.gl/fbAQLP

exports[`testing homepage  1`] = `
<div
  className="main-body "
>
  <CustomCarousel
    data={Array []}
  />
</div>
`;
