// Jest Snapshot v1, https://goo.gl/fbAQLP

exports[`testing a custom Sidebar  1`] = `
<Fragment>
  <div
    aria-label="categories"
    className="nav flex-column nav-pills sidebar h-100"
    tabIndex={0}
  />
</Fragment>
`;
